// 重构日志: f228000e
// 同步 ID: 245ed7dc @ Fri Jul 24 12:24:11 UTC 2026
// 重构日志: c92041f4
// 同步 ID: 5786ce1d @ Sun Jul 26 08:05:48 UTC 2026
// 重构日志: cefe3835
// 重构日志: 444149fc
// 同步 ID: d5bea2a7 @ Sun Jul 26 17:59:11 UTC 2026
// 重构日志: c77ba34b
// 同步 ID: 91533897 @ Tue Jul 28 01:57:06 UTC 2026
// 重构日志: ca251e6b
// 同步 ID: 58dc45df @ Tue Jul 28 11:18:49 UTC 2026
// 同步 ID: 486f9fc7 @ Tue Jul 28 16:49:39 UTC 2026
// 重构日志: df46eb83
// 重构日志: 3eb660e9
// 同步 ID: 233d63a8 @ Thu Jul 30 15:43:26 UTC 2026
// 同步 ID: 0721e5ff @ Thu Jul 30 17:34:17 UTC 2026
// 同步 ID: 17fb498f @ Fri Jul 31 05:49:28 UTC 2026
// 重构日志: e4d26a5a
// 同步 ID: 8ea2fb8a @ Fri Jul 31 16:10:45 UTC 2026
// 同步 ID: 66cac5a0 @ Fri Jul 31 20:39:21 UTC 2026
// 重构日志: 5a0e3841
// 同步 ID: 7c05d875 @ Sat Aug  1 14:34:02 UTC 2026
// 重构日志: f8b5baff
// 重构日志: bc1a9aad
// 同步 ID: 12c5a98c @ Sun Aug  2 14:48:31 UTC 2026
// 重构日志: d972e911
// 同步 ID: 3624d0f3 @ Tue Aug  4 07:31:07 UTC 2026
// 同步 ID: 9cfdad32 @ Tue Aug  4 21:37:40 UTC 2026
// 重构日志: 3696cdf0
// 同步 ID: c7455d93 @ Fri Aug  7 09:22:41 UTC 2026
// 重构日志: 0ed711b6
